// Jest Snapshot v1, https://goo.gl/fbAQLP

exports[`Bio renders correctly -- according to react-test-renderer 1`] = `
<p
  data-testid="my-bio"
>
  It's nice to meet you!
</p>
`;
