// Jest Snapshot v1, https://goo.gl/fbAQLP

exports[`Footer renders correctly -- according to react-test-renderer 1`] = `<footer />`;
