// Jest Snapshot v1, https://goo.gl/fbAQLP

exports[`HelmetMarkup renders correctly 1`] = `null`;
