// Jest Snapshot v1, https://goo.gl/fbAQLP

exports[`MyButton renders correctly -- proving that react-emotion and jest-emotion are working 1`] = `
.emotion-0 {
  color: hotpink;
}

<button
  className="emotion-0 emotion-1"
>
  This is hotpink.
</button>
`;
